// Jest Snapshot v1, https://goo.gl/fbAQLP

exports[`Link changes the class when hovered 1`] = `
<main>
  <form
    className="dynamic-form container"
    onSubmit={[Function]}
  >
    <section
      className="row"
    >
      <fieldset
        className="input-field"
      >
        <h6>
          
          <label
            htmlFor="checkbox-1"
          >
            <strong>
              Room 
              1
            </strong>
          </label>
        </h6>
        <div
          className="row"
        >
          <section
            className="col-sm-6"
          >
            <label
              htmlFor="adultsCount-1"
            >
              Adults (18+)
            </label>
            <select
              disabled={false}
              id="adultsCount-1"
              name="adultsCount"
              onChange={[Function]}
              value={1}
            >
              <option
                value={1}
              >
                1
              </option>
              <option
                value={2}
              >
                2
              </option>
            </select>
          </section>
          <section
            className="col-sm-6"
          >
            <label
              htmlFor="childrenCount-1"
            >
              Children (0-17)
            </label>
            <select
              disabled={false}
              id="childrenCount-1"
              name="childrenCount"
              onChange={[Function]}
              value={0}
            >
              <option
                value={0}
              >
                0
              </option>
              <option
                value={1}
              >
                1
              </option>
              <option
                value={2}
              >
                2
              </option>
            </select>
          </section>
        </div>
      </fieldset>
      <fieldset
        className="input-field"
      >
        <h6>
          <input
            checked={false}
            id="checkbox-2"
            onChange={[Function]}
            type="checkbox"
          />
          <label
            htmlFor="checkbox-2"
          >
            <strong>
              Room 
              2
            </strong>
          </label>
        </h6>
        <div
          className="disabled row"
        >
          <section
            className="col-sm-6"
          >
            <label
              htmlFor="adultsCount-2"
            >
              Adults (18+)
            </label>
            <select
              disabled={true}
              id="adultsCount-2"
              name="adultsCount"
              onChange={[Function]}
              value={1}
            >
              <option
                value={1}
              >
                1
              </option>
              <option
                value={2}
              >
                2
              </option>
            </select>
          </section>
          <section
            className="col-sm-6"
          >
            <label
              htmlFor="childrenCount-2"
            >
              Children (0-17)
            </label>
            <select
              disabled={true}
              id="childrenCount-2"
              name="childrenCount"
              onChange={[Function]}
              value={0}
            >
              <option
                value={0}
              >
                0
              </option>
              <option
                value={1}
              >
                1
              </option>
              <option
                value={2}
              >
                2
              </option>
            </select>
          </section>
        </div>
      </fieldset>
      <fieldset
        className="input-field"
      >
        <h6>
          <input
            checked={false}
            id="checkbox-3"
            onChange={[Function]}
            type="checkbox"
          />
          <label
            htmlFor="checkbox-3"
          >
            <strong>
              Room 
              3
            </strong>
          </label>
        </h6>
        <div
          className="disabled row"
        >
          <section
            className="col-sm-6"
          >
            <label
              htmlFor="adultsCount-3"
            >
              Adults (18+)
            </label>
            <select
              disabled={true}
              id="adultsCount-3"
              name="adultsCount"
              onChange={[Function]}
              value={1}
            >
              <option
                value={1}
              >
                1
              </option>
              <option
                value={2}
              >
                2
              </option>
            </select>
          </section>
          <section
            className="col-sm-6"
          >
            <label
              htmlFor="childrenCount-3"
            >
              Children (0-17)
            </label>
            <select
              disabled={true}
              id="childrenCount-3"
              name="childrenCount"
              onChange={[Function]}
              value={0}
            >
              <option
                value={0}
              >
                0
              </option>
              <option
                value={1}
              >
                1
              </option>
              <option
                value={2}
              >
                2
              </option>
            </select>
          </section>
        </div>
      </fieldset>
      <fieldset
        className="input-field"
      >
        <h6>
          <input
            checked={false}
            id="checkbox-4"
            onChange={[Function]}
            type="checkbox"
          />
          <label
            htmlFor="checkbox-4"
          >
            <strong>
              Room 
              4
            </strong>
          </label>
        </h6>
        <div
          className="disabled row"
        >
          <section
            className="col-sm-6"
          >
            <label
              htmlFor="adultsCount-4"
            >
              Adults (18+)
            </label>
            <select
              disabled={true}
              id="adultsCount-4"
              name="adultsCount"
              onChange={[Function]}
              value={1}
            >
              <option
                value={1}
              >
                1
              </option>
              <option
                value={2}
              >
                2
              </option>
            </select>
          </section>
          <section
            className="col-sm-6"
          >
            <label
              htmlFor="childrenCount-4"
            >
              Children (0-17)
            </label>
            <select
              disabled={true}
              id="childrenCount-4"
              name="childrenCount"
              onChange={[Function]}
              value={0}
            >
              <option
                value={0}
              >
                0
              </option>
              <option
                value={1}
              >
                1
              </option>
              <option
                value={2}
              >
                2
              </option>
            </select>
          </section>
        </div>
      </fieldset>
      <fieldset
        className="input-field"
      >
        <h6>
          <input
            checked={false}
            id="checkbox-5"
            onChange={[Function]}
            type="checkbox"
          />
          <label
            htmlFor="checkbox-5"
          >
            <strong>
              Room 
              5
            </strong>
          </label>
        </h6>
        <div
          className="disabled row"
        >
          <section
            className="col-sm-6"
          >
            <label
              htmlFor="adultsCount-5"
            >
              Adults (18+)
            </label>
            <select
              disabled={true}
              id="adultsCount-5"
              name="adultsCount"
              onChange={[Function]}
              value={1}
            >
              <option
                value={1}
              >
                1
              </option>
              <option
                value={2}
              >
                2
              </option>
            </select>
          </section>
          <section
            className="col-sm-6"
          >
            <label
              htmlFor="childrenCount-5"
            >
              Children (0-17)
            </label>
            <select
              disabled={true}
              id="childrenCount-5"
              name="childrenCount"
              onChange={[Function]}
              value={0}
            >
              <option
                value={0}
              >
                0
              </option>
              <option
                value={1}
              >
                1
              </option>
              <option
                value={2}
              >
                2
              </option>
            </select>
          </section>
        </div>
      </fieldset>
      <fieldset
        className="input-field"
      >
        <h6>
          <input
            checked={false}
            id="checkbox-6"
            onChange={[Function]}
            type="checkbox"
          />
          <label
            htmlFor="checkbox-6"
          >
            <strong>
              Room 
              6
            </strong>
          </label>
        </h6>
        <div
          className="disabled row"
        >
          <section
            className="col-sm-6"
          >
            <label
              htmlFor="adultsCount-6"
            >
              Adults (18+)
            </label>
            <select
              disabled={true}
              id="adultsCount-6"
              name="adultsCount"
              onChange={[Function]}
              value={1}
            >
              <option
                value={1}
              >
                1
              </option>
              <option
                value={2}
              >
                2
              </option>
            </select>
          </section>
          <section
            className="col-sm-6"
          >
            <label
              htmlFor="childrenCount-6"
            >
              Children (0-17)
            </label>
            <select
              disabled={true}
              id="childrenCount-6"
              name="childrenCount"
              onChange={[Function]}
              value={0}
            >
              <option
                value={0}
              >
                0
              </option>
              <option
                value={1}
              >
                1
              </option>
              <option
                value={2}
              >
                2
              </option>
            </select>
          </section>
        </div>
      </fieldset>
    </section>
    <section
      className="row"
    >
      <fieldset
        className="submit-field"
      >
        <input
          className="btn btn-primary"
          type="submit"
          value="Submit"
        />
        <button
          className="btn btn-default"
          onClick={[Function]}
        >
          Clear Saved Data
        </button>
      </fieldset>
    </section>
  </form>
</main>
`;
